CstRoot {
    items: [
        Statement(
            Expression(
                ExpressionStatementNode {
                    expression: Identifier(
                        Token {
                            kind: Ident(
                                "foo",
                            ),
                            span: Span {
                                start: 0,
                                end: 3,
                            },
                        },
                    ),
                    semicolon: Token {
                        kind: Semicolon,
                        span: Span {
                            start: 3,
                            end: 4,
                        },
                    },
                    trivia: Trivia {
                        leading: [],
                        trailing: [],
                    },
                },
            ),
        ),
    ],
    trivia: Trivia {
        leading: [],
        trailing: [],
    },
}