Success: CstRoot {
    items: [
        Function(
            FunctionNode {
                fn_token: Token {
                    kind: Fn,
                    span: Span {
                        start: 0,
                        end: 2,
                    },
                },
                name: Token {
                    kind: Ident(
                        "main",
                    ),
                    span: Span {
                        start: 3,
                        end: 7,
                    },
                },
                param_list: ParamListNode {
                    open_paren: Token {
                        kind: LeftParen,
                        span: Span {
                            start: 7,
                            end: 8,
                        },
                    },
                    params: [],
                    close_paren: Token {
                        kind: RightParen,
                        span: Span {
                            start: 8,
                            end: 9,
                        },
                    },
                    trivia: Trivia {
                        leading: [],
                        trailing: [],
                    },
                },
                return_type: Some(
                    ReturnTypeNode {
                        arrow: Token {
                            kind: Arrow,
                            span: Span {
                                start: 10,
                                end: 12,
                            },
                        },
                        ty: I32(
                            Token {
                                kind: I32,
                                span: Span {
                                    start: 13,
                                    end: 16,
                                },
                            },
                        ),
                        trivia: Trivia {
                            leading: [],
                            trailing: [],
                        },
                    },
                ),
                body: BlockNode {
                    open_brace: Token {
                        kind: LeftBrace,
                        span: Span {
                            start: 17,
                            end: 18,
                        },
                    },
                    statements: [],
                    final_expr: Some(
                        Literal(
                            Token {
                                kind: Integer(
                                    42,
                                ),
                                span: Span {
                                    start: 23,
                                    end: 25,
                                },
                            },
                        ),
                    ),
                    close_brace: Token {
                        kind: RightBrace,
                        span: Span {
                            start: 26,
                            end: 27,
                        },
                    },
                    trivia: Trivia {
                        leading: [],
                        trailing: [],
                    },
                },
                trivia: Trivia {
                    leading: [],
                    trailing: [],
                },
            },
        ),
    ],
    trivia: Trivia {
        leading: [],
        trailing: [],
    },
}