Ok(
    CstRoot {
        items: [
            Function(
                FunctionNode {
                    fn_token: Token {
                        kind: Fn,
                        span: Span {
                            start: 1,
                            end: 3,
                        },
                    },
                    name: Token {
                        kind: Ident(
                            "main",
                        ),
                        span: Span {
                            start: 4,
                            end: 8,
                        },
                    },
                    param_list: ParamListNode {
                        open_paren: Token {
                            kind: LeftParen,
                            span: Span {
                                start: 8,
                                end: 9,
                            },
                        },
                        params: [],
                        close_paren: Token {
                            kind: RightParen,
                            span: Span {
                                start: 9,
                                end: 10,
                            },
                        },
                        trivia: Trivia {
                            leading: [],
                            trailing: [],
                        },
                    },
                    return_type: Some(
                        ReturnTypeNode {
                            arrow: Token {
                                kind: Arrow,
                                span: Span {
                                    start: 11,
                                    end: 13,
                                },
                            },
                            ty: I32(
                                Token {
                                    kind: I32,
                                    span: Span {
                                        start: 14,
                                        end: 17,
                                    },
                                },
                            ),
                            trivia: Trivia {
                                leading: [],
                                trailing: [],
                            },
                        },
                    ),
                    body: BlockNode {
                        open_brace: Token {
                            kind: LeftBrace,
                            span: Span {
                                start: 18,
                                end: 19,
                            },
                        },
                        statements: [
                            Let(
                                LetStatementNode {
                                    let_token: Token {
                                        kind: Let,
                                        span: Span {
                                            start: 24,
                                            end: 27,
                                        },
                                    },
                                    name: Token {
                                        kind: Ident(
                                            "sum",
                                        ),
                                        span: Span {
                                            start: 28,
                                            end: 31,
                                        },
                                    },
                                    type_annotation: None,
                                    equals: Token {
                                        kind: Assign,
                                        span: Span {
                                            start: 32,
                                            end: 33,
                                        },
                                    },
                                    value: Binary(
                                        BinaryExprNode {
                                            left: Literal(
                                                Token {
                                                    kind: Integer(
                                                        1,
                                                    ),
                                                    span: Span {
                                                        start: 34,
                                                        end: 35,
                                                    },
                                                },
                                            ),
                                            operator: Token {
                                                kind: Plus,
                                                span: Span {
                                                    start: 36,
                                                    end: 37,
                                                },
                                            },
                                            right: Literal(
                                                Token {
                                                    kind: Integer(
                                                        2,
                                                    ),
                                                    span: Span {
                                                        start: 38,
                                                        end: 39,
                                                    },
                                                },
                                            ),
                                            trivia: Trivia {
                                                leading: [],
                                                trailing: [],
                                            },
                                        },
                                    ),
                                    semicolon: Token {
                                        kind: Semicolon,
                                        span: Span {
                                            start: 39,
                                            end: 40,
                                        },
                                    },
                                    trivia: Trivia {
                                        leading: [],
                                        trailing: [],
                                    },
                                },
                            ),
                            Let(
                                LetStatementNode {
                                    let_token: Token {
                                        kind: Let,
                                        span: Span {
                                            start: 45,
                                            end: 48,
                                        },
                                    },
                                    name: Token {
                                        kind: Ident(
                                            "diff",
                                        ),
                                        span: Span {
                                            start: 49,
                                            end: 53,
                                        },
                                    },
                                    type_annotation: None,
                                    equals: Token {
                                        kind: Assign,
                                        span: Span {
                                            start: 54,
                                            end: 55,
                                        },
                                    },
                                    value: Binary(
                                        BinaryExprNode {
                                            left: Literal(
                                                Token {
                                                    kind: Integer(
                                                        5,
                                                    ),
                                                    span: Span {
                                                        start: 56,
                                                        end: 57,
                                                    },
                                                },
                                            ),
                                            operator: Token {
                                                kind: Minus,
                                                span: Span {
                                                    start: 58,
                                                    end: 59,
                                                },
                                            },
                                            right: Literal(
                                                Token {
                                                    kind: Integer(
                                                        3,
                                                    ),
                                                    span: Span {
                                                        start: 60,
                                                        end: 61,
                                                    },
                                                },
                                            ),
                                            trivia: Trivia {
                                                leading: [],
                                                trailing: [],
                                            },
                                        },
                                    ),
                                    semicolon: Token {
                                        kind: Semicolon,
                                        span: Span {
                                            start: 61,
                                            end: 62,
                                        },
                                    },
                                    trivia: Trivia {
                                        leading: [],
                                        trailing: [],
                                    },
                                },
                            ),
                            Let(
                                LetStatementNode {
                                    let_token: Token {
                                        kind: Let,
                                        span: Span {
                                            start: 67,
                                            end: 70,
                                        },
                                    },
                                    name: Token {
                                        kind: Ident(
                                            "prod",
                                        ),
                                        span: Span {
                                            start: 71,
                                            end: 75,
                                        },
                                    },
                                    type_annotation: None,
                                    equals: Token {
                                        kind: Assign,
                                        span: Span {
                                            start: 76,
                                            end: 77,
                                        },
                                    },
                                    value: Binary(
                                        BinaryExprNode {
                                            left: Literal(
                                                Token {
                                                    kind: Integer(
                                                        4,
                                                    ),
                                                    span: Span {
                                                        start: 78,
                                                        end: 79,
                                                    },
                                                },
                                            ),
                                            operator: Token {
                                                kind: Star,
                                                span: Span {
                                                    start: 80,
                                                    end: 81,
                                                },
                                            },
                                            right: Literal(
                                                Token {
                                                    kind: Integer(
                                                        5,
                                                    ),
                                                    span: Span {
                                                        start: 82,
                                                        end: 83,
                                                    },
                                                },
                                            ),
                                            trivia: Trivia {
                                                leading: [],
                                                trailing: [],
                                            },
                                        },
                                    ),
                                    semicolon: Token {
                                        kind: Semicolon,
                                        span: Span {
                                            start: 83,
                                            end: 84,
                                        },
                                    },
                                    trivia: Trivia {
                                        leading: [],
                                        trailing: [],
                                    },
                                },
                            ),
                            Let(
                                LetStatementNode {
                                    let_token: Token {
                                        kind: Let,
                                        span: Span {
                                            start: 89,
                                            end: 92,
                                        },
                                    },
                                    name: Token {
                                        kind: Ident(
                                            "quot",
                                        ),
                                        span: Span {
                                            start: 93,
                                            end: 97,
                                        },
                                    },
                                    type_annotation: None,
                                    equals: Token {
                                        kind: Assign,
                                        span: Span {
                                            start: 98,
                                            end: 99,
                                        },
                                    },
                                    value: Binary(
                                        BinaryExprNode {
                                            left: Literal(
                                                Token {
                                                    kind: Integer(
                                                        10,
                                                    ),
                                                    span: Span {
                                                        start: 100,
                                                        end: 102,
                                                    },
                                                },
                                            ),
                                            operator: Token {
                                                kind: Slash,
                                                span: Span {
                                                    start: 103,
                                                    end: 104,
                                                },
                                            },
                                            right: Literal(
                                                Token {
                                                    kind: Integer(
                                                        2,
                                                    ),
                                                    span: Span {
                                                        start: 105,
                                                        end: 106,
                                                    },
                                                },
                                            ),
                                            trivia: Trivia {
                                                leading: [],
                                                trailing: [],
                                            },
                                        },
                                    ),
                                    semicolon: Token {
                                        kind: Semicolon,
                                        span: Span {
                                            start: 106,
                                            end: 107,
                                        },
                                    },
                                    trivia: Trivia {
                                        leading: [],
                                        trailing: [],
                                    },
                                },
                            ),
                            Let(
                                LetStatementNode {
                                    let_token: Token {
                                        kind: Let,
                                        span: Span {
                                            start: 112,
                                            end: 115,
                                        },
                                    },
                                    name: Token {
                                        kind: Ident(
                                            "rem",
                                        ),
                                        span: Span {
                                            start: 116,
                                            end: 119,
                                        },
                                    },
                                    type_annotation: None,
                                    equals: Token {
                                        kind: Assign,
                                        span: Span {
                                            start: 120,
                                            end: 121,
                                        },
                                    },
                                    value: Binary(
                                        BinaryExprNode {
                                            left: Literal(
                                                Token {
                                                    kind: Integer(
                                                        7,
                                                    ),
                                                    span: Span {
                                                        start: 122,
                                                        end: 123,
                                                    },
                                                },
                                            ),
                                            operator: Token {
                                                kind: Percent,
                                                span: Span {
                                                    start: 124,
                                                    end: 125,
                                                },
                                            },
                                            right: Literal(
                                                Token {
                                                    kind: Integer(
                                                        3,
                                                    ),
                                                    span: Span {
                                                        start: 126,
                                                        end: 127,
                                                    },
                                                },
                                            ),
                                            trivia: Trivia {
                                                leading: [],
                                                trailing: [],
                                            },
                                        },
                                    ),
                                    semicolon: Token {
                                        kind: Semicolon,
                                        span: Span {
                                            start: 127,
                                            end: 128,
                                        },
                                    },
                                    trivia: Trivia {
                                        leading: [],
                                        trailing: [],
                                    },
                                },
                            ),
                        ],
                        final_expr: Some(
                            Binary(
                                BinaryExprNode {
                                    left: Binary(
                                        BinaryExprNode {
                                            left: Identifier(
                                                Token {
                                                    kind: Ident(
                                                        "sum",
                                                    ),
                                                    span: Span {
                                                        start: 133,
                                                        end: 136,
                                                    },
                                                },
                                            ),
                                            operator: Token {
                                                kind: Plus,
                                                span: Span {
                                                    start: 137,
                                                    end: 138,
                                                },
                                            },
                                            right: Binary(
                                                BinaryExprNode {
                                                    left: Identifier(
                                                        Token {
                                                            kind: Ident(
                                                                "diff",
                                                            ),
                                                            span: Span {
                                                                start: 139,
                                                                end: 143,
                                                            },
                                                        },
                                                    ),
                                                    operator: Token {
                                                        kind: Star,
                                                        span: Span {
                                                            start: 144,
                                                            end: 145,
                                                        },
                                                    },
                                                    right: Identifier(
                                                        Token {
                                                            kind: Ident(
                                                                "prod",
                                                            ),
                                                            span: Span {
                                                                start: 146,
                                                                end: 150,
                                                            },
                                                        },
                                                    ),
                                                    trivia: Trivia {
                                                        leading: [],
                                                        trailing: [],
                                                    },
                                                },
                                            ),
                                            trivia: Trivia {
                                                leading: [],
                                                trailing: [],
                                            },
                                        },
                                    ),
                                    operator: Token {
                                        kind: Minus,
                                        span: Span {
                                            start: 151,
                                            end: 152,
                                        },
                                    },
                                    right: Binary(
                                        BinaryExprNode {
                                            left: Identifier(
                                                Token {
                                                    kind: Ident(
                                                        "quot",
                                                    ),
                                                    span: Span {
                                                        start: 153,
                                                        end: 157,
                                                    },
                                                },
                                            ),
                                            operator: Token {
                                                kind: Slash,
                                                span: Span {
                                                    start: 158,
                                                    end: 159,
                                                },
                                            },
                                            right: Identifier(
                                                Token {
                                                    kind: Ident(
                                                        "rem",
                                                    ),
                                                    span: Span {
                                                        start: 160,
                                                        end: 163,
                                                    },
                                                },
                                            ),
                                            trivia: Trivia {
                                                leading: [],
                                                trailing: [],
                                            },
                                        },
                                    ),
                                    trivia: Trivia {
                                        leading: [],
                                        trailing: [],
                                    },
                                },
                            ),
                        ),
                        close_brace: Token {
                            kind: RightBrace,
                            span: Span {
                                start: 164,
                                end: 165,
                            },
                        },
                        trivia: Trivia {
                            leading: [],
                            trailing: [],
                        },
                    },
                    trivia: Trivia {
                        leading: [],
                        trailing: [],
                    },
                },
            ),
        ],
        trivia: Trivia {
            leading: [],
            trailing: [],
        },
    },
)